mode: set
github.com/pg-sage/sidecar/internal/vectorlab/command.go:17.92,19.34 2 1
github.com/pg-sage/sidecar/internal/vectorlab/command.go:19.34,21.3 1 1
github.com/pg-sage/sidecar/internal/vectorlab/command.go:22.2,22.16 1 1
github.com/pg-sage/sidecar/internal/vectorlab/command.go:22.16,25.3 2 1
github.com/pg-sage/sidecar/internal/vectorlab/command.go:26.2,26.15 1 1
github.com/pg-sage/sidecar/internal/vectorlab/command.go:26.15,29.3 2 1
github.com/pg-sage/sidecar/internal/vectorlab/command.go:30.2,31.16 2 1
github.com/pg-sage/sidecar/internal/vectorlab/command.go:31.16,34.3 2 1
github.com/pg-sage/sidecar/internal/vectorlab/command.go:35.2,37.16 3 1
github.com/pg-sage/sidecar/internal/vectorlab/command.go:37.16,40.3 2 0
github.com/pg-sage/sidecar/internal/vectorlab/command.go:41.2,43.47 3 1
github.com/pg-sage/sidecar/internal/vectorlab/command.go:43.47,46.3 2 1
github.com/pg-sage/sidecar/internal/vectorlab/command.go:47.2,47.33 1 1
github.com/pg-sage/sidecar/internal/vectorlab/command.go:47.33,49.3 1 1
github.com/pg-sage/sidecar/internal/vectorlab/command.go:50.2,50.10 1 1
github.com/pg-sage/sidecar/internal/vectorlab/command.go:53.73,57.23 4 1
github.com/pg-sage/sidecar/internal/vectorlab/command.go:57.23,61.3 3 1
github.com/pg-sage/sidecar/internal/vectorlab/command.go:62.2,62.42 1 1
github.com/pg-sage/sidecar/internal/vectorlab/command.go:62.42,64.3 1 1
github.com/pg-sage/sidecar/internal/vectorlab/command.go:65.2,65.38 1 1
github.com/pg-sage/sidecar/internal/vectorlab/command.go:65.38,67.3 1 1
github.com/pg-sage/sidecar/internal/vectorlab/command.go:68.2,69.16 2 1
github.com/pg-sage/sidecar/internal/vectorlab/command.go:69.16,71.3 1 1
github.com/pg-sage/sidecar/internal/vectorlab/command.go:72.2,73.21 2 1
github.com/pg-sage/sidecar/internal/vectorlab/command.go:76.74,78.16 2 1
github.com/pg-sage/sidecar/internal/vectorlab/command.go:78.16,80.3 1 1
github.com/pg-sage/sidecar/internal/vectorlab/command.go:81.2,85.16 5 1
github.com/pg-sage/sidecar/internal/vectorlab/command.go:85.16,87.3 1 0
github.com/pg-sage/sidecar/internal/vectorlab/command.go:88.2,88.18 1 1
github.com/pg-sage/sidecar/internal/vectorlab/evidence.go:24.79,25.37 1 1
github.com/pg-sage/sidecar/internal/vectorlab/evidence.go:25.37,27.3 1 0
github.com/pg-sage/sidecar/internal/vectorlab/evidence.go:28.2,29.31 2 1
github.com/pg-sage/sidecar/internal/vectorlab/evidence.go:29.31,30.33 1 1
github.com/pg-sage/sidecar/internal/vectorlab/evidence.go:30.33,31.36 1 1
github.com/pg-sage/sidecar/internal/vectorlab/evidence.go:31.36,33.5 1 1
github.com/pg-sage/sidecar/internal/vectorlab/evidence.go:34.4,35.18 2 1
github.com/pg-sage/sidecar/internal/vectorlab/evidence.go:35.18,37.5 1 1
github.com/pg-sage/sidecar/internal/vectorlab/evidence.go:38.4,38.48 1 1
github.com/pg-sage/sidecar/internal/vectorlab/evidence.go:38.48,40.5 1 1
github.com/pg-sage/sidecar/internal/vectorlab/evidence.go:41.4,42.35 2 1
github.com/pg-sage/sidecar/internal/vectorlab/evidence.go:42.35,44.37 2 1
github.com/pg-sage/sidecar/internal/vectorlab/evidence.go:44.37,46.6 1 0
github.com/pg-sage/sidecar/internal/vectorlab/evidence.go:47.5,48.19 2 1
github.com/pg-sage/sidecar/internal/vectorlab/evidence.go:48.19,50.6 1 0
github.com/pg-sage/sidecar/internal/vectorlab/evidence.go:51.5,51.52 1 1
github.com/pg-sage/sidecar/internal/vectorlab/evidence.go:51.52,53.6 1 1
github.com/pg-sage/sidecar/internal/vectorlab/evidence.go:54.5,54.41 1 1
github.com/pg-sage/sidecar/internal/vectorlab/evidence.go:58.2,58.25 1 1
github.com/pg-sage/sidecar/internal/vectorlab/evidence.go:61.44,70.31 4 1
github.com/pg-sage/sidecar/internal/vectorlab/evidence.go:70.31,72.31 2 1
github.com/pg-sage/sidecar/internal/vectorlab/evidence.go:72.31,74.4 1 1
github.com/pg-sage/sidecar/internal/vectorlab/evidence.go:75.3,75.56 1 1
github.com/pg-sage/sidecar/internal/vectorlab/evidence.go:77.2,77.10 1 1
github.com/pg-sage/sidecar/internal/vectorlab/evidence.go:80.82,87.16 6 1
github.com/pg-sage/sidecar/internal/vectorlab/evidence.go:87.16,89.3 1 1
github.com/pg-sage/sidecar/internal/vectorlab/evidence.go:90.2,90.17 1 1
github.com/pg-sage/sidecar/internal/vectorlab/evidence.go:90.17,92.3 1 1
github.com/pg-sage/sidecar/internal/vectorlab/evidence.go:93.2,93.32 1 1
github.com/pg-sage/sidecar/internal/vectorlab/evidence.go:93.32,96.3 2 1
github.com/pg-sage/sidecar/internal/vectorlab/evidence.go:97.2,100.26 4 1
github.com/pg-sage/sidecar/internal/vectorlab/evidence.go:100.26,102.3 1 1
github.com/pg-sage/sidecar/internal/vectorlab/evidence.go:103.2,103.32 1 1
github.com/pg-sage/sidecar/internal/vectorlab/evidence.go:103.32,105.3 1 1
github.com/pg-sage/sidecar/internal/vectorlab/evidence.go:106.2,106.41 1 1
github.com/pg-sage/sidecar/internal/vectorlab/evidence.go:106.41,107.37 1 1
github.com/pg-sage/sidecar/internal/vectorlab/evidence.go:107.37,109.4 1 1
github.com/pg-sage/sidecar/internal/vectorlab/evidence.go:111.2,112.67 2 1
github.com/pg-sage/sidecar/internal/vectorlab/evidence.go:115.48,118.35 3 1
github.com/pg-sage/sidecar/internal/vectorlab/evidence.go:118.35,121.27 3 1
github.com/pg-sage/sidecar/internal/vectorlab/evidence.go:121.27,123.4 1 1
github.com/pg-sage/sidecar/internal/vectorlab/evidence.go:124.3,128.61 3 1
github.com/pg-sage/sidecar/internal/vectorlab/evidence.go:128.61,130.4 1 1
github.com/pg-sage/sidecar/internal/vectorlab/evidence.go:132.2,132.15 1 1
github.com/pg-sage/sidecar/internal/vectorlab/evidence.go:132.15,134.3 1 1
github.com/pg-sage/sidecar/internal/vectorlab/evidence.go:135.2,135.17 1 1
github.com/pg-sage/sidecar/internal/vectorlab/evidence.go:138.34,140.25 2 1
github.com/pg-sage/sidecar/internal/vectorlab/evidence.go:140.25,142.47 1 1
github.com/pg-sage/sidecar/internal/vectorlab/evidence.go:142.47,144.4 1 1
github.com/pg-sage/sidecar/internal/vectorlab/evidence.go:145.3,145.20 1 1
github.com/pg-sage/sidecar/internal/vectorlab/evidence.go:147.2,147.12 1 1
github.com/pg-sage/sidecar/internal/vectorlab/evidence.go:150.48,151.21 1 1
github.com/pg-sage/sidecar/internal/vectorlab/evidence.go:151.21,153.3 1 1
github.com/pg-sage/sidecar/internal/vectorlab/evidence.go:154.2,155.26 2 1
github.com/pg-sage/sidecar/internal/vectorlab/evidence.go:155.26,157.3 1 1
github.com/pg-sage/sidecar/internal/vectorlab/evidence.go:158.2,159.30 2 1
github.com/pg-sage/sidecar/internal/vectorlab/evidence.go:159.30,160.16 1 1
github.com/pg-sage/sidecar/internal/vectorlab/evidence.go:160.16,163.4 2 1
github.com/pg-sage/sidecar/internal/vectorlab/evidence.go:165.2,165.47 1 1
github.com/pg-sage/sidecar/internal/vectorlab/evidence.go:168.45,169.22 1 1
github.com/pg-sage/sidecar/internal/vectorlab/evidence.go:169.22,171.3 1 1
github.com/pg-sage/sidecar/internal/vectorlab/evidence.go:172.2,174.59 3 1
github.com/pg-sage/sidecar/internal/vectorlab/evidence.go:177.54,178.39 1 1
github.com/pg-sage/sidecar/internal/vectorlab/evidence.go:178.39,180.3 1 1
github.com/pg-sage/sidecar/internal/vectorlab/evidence.go:183.51,184.35 1 1
github.com/pg-sage/sidecar/internal/vectorlab/evidence.go:184.35,185.25 1 1
github.com/pg-sage/sidecar/internal/vectorlab/evidence.go:185.25,187.4 1 1
github.com/pg-sage/sidecar/internal/vectorlab/evidence.go:189.2,189.14 1 1
github.com/pg-sage/sidecar/internal/vectorlab/evidence.go:192.42,192.77 1 1
github.com/pg-sage/sidecar/internal/vectorlab/manifest.go:14.44,17.43 3 1
github.com/pg-sage/sidecar/internal/vectorlab/manifest.go:17.43,19.3 1 1
github.com/pg-sage/sidecar/internal/vectorlab/manifest.go:20.2,22.37 3 1
github.com/pg-sage/sidecar/internal/vectorlab/manifest.go:22.37,24.3 1 1
github.com/pg-sage/sidecar/internal/vectorlab/manifest.go:25.2,25.58 1 1
github.com/pg-sage/sidecar/internal/vectorlab/manifest.go:25.58,27.3 1 1
github.com/pg-sage/sidecar/internal/vectorlab/manifest.go:28.2,28.24 1 1
github.com/pg-sage/sidecar/internal/vectorlab/manifest.go:31.36,33.23 1 1
github.com/pg-sage/sidecar/internal/vectorlab/manifest.go:33.23,34.27 1 1
github.com/pg-sage/sidecar/internal/vectorlab/manifest.go:34.27,36.4 1 1
github.com/pg-sage/sidecar/internal/vectorlab/manifest.go:38.2,38.83 1 1
github.com/pg-sage/sidecar/internal/vectorlab/manifest.go:38.83,40.3 1 1
github.com/pg-sage/sidecar/internal/vectorlab/manifest.go:41.2,41.44 1 1
github.com/pg-sage/sidecar/internal/vectorlab/manifest.go:41.44,43.3 1 1
github.com/pg-sage/sidecar/internal/vectorlab/manifest.go:44.2,44.45 1 1
github.com/pg-sage/sidecar/internal/vectorlab/manifest.go:44.45,46.3 1 1
github.com/pg-sage/sidecar/internal/vectorlab/manifest.go:47.2,47.28 1 1
github.com/pg-sage/sidecar/internal/vectorlab/manifest.go:50.43,53.75 1 1
github.com/pg-sage/sidecar/internal/vectorlab/manifest.go:53.75,55.3 1 1
github.com/pg-sage/sidecar/internal/vectorlab/manifest.go:56.2,57.64 1 1
github.com/pg-sage/sidecar/internal/vectorlab/manifest.go:57.64,59.3 1 1
github.com/pg-sage/sidecar/internal/vectorlab/manifest.go:60.2,62.43 1 1
github.com/pg-sage/sidecar/internal/vectorlab/manifest.go:62.43,64.3 1 1
github.com/pg-sage/sidecar/internal/vectorlab/manifest.go:65.2,65.58 1 1
github.com/pg-sage/sidecar/internal/vectorlab/manifest.go:65.58,67.3 1 1
github.com/pg-sage/sidecar/internal/vectorlab/manifest.go:68.2,68.12 1 1
github.com/pg-sage/sidecar/internal/vectorlab/manifest.go:71.44,73.31 2 1
github.com/pg-sage/sidecar/internal/vectorlab/manifest.go:73.31,74.46 1 1
github.com/pg-sage/sidecar/internal/vectorlab/manifest.go:74.46,76.4 1 1
github.com/pg-sage/sidecar/internal/vectorlab/manifest.go:77.3,79.68 2 1
github.com/pg-sage/sidecar/internal/vectorlab/manifest.go:79.68,81.4 1 1
github.com/pg-sage/sidecar/internal/vectorlab/manifest.go:83.2,83.12 1 1
github.com/pg-sage/sidecar/internal/vectorlab/manifest.go:86.43,89.41 3 1
github.com/pg-sage/sidecar/internal/vectorlab/manifest.go:89.41,91.3 1 0
github.com/pg-sage/sidecar/internal/vectorlab/manifest.go:92.2,92.30 1 1
github.com/pg-sage/sidecar/internal/vectorlab/manifest.go:92.30,94.43 1 1
github.com/pg-sage/sidecar/internal/vectorlab/manifest.go:94.43,96.4 1 1
github.com/pg-sage/sidecar/internal/vectorlab/manifest.go:97.3,99.30 3 1
github.com/pg-sage/sidecar/internal/vectorlab/manifest.go:99.30,100.51 1 1
github.com/pg-sage/sidecar/internal/vectorlab/manifest.go:100.51,102.5 1 1
github.com/pg-sage/sidecar/internal/vectorlab/manifest.go:103.4,103.40 1 1
github.com/pg-sage/sidecar/internal/vectorlab/manifest.go:105.3,105.41 1 1
github.com/pg-sage/sidecar/internal/vectorlab/manifest.go:105.41,107.4 1 1
github.com/pg-sage/sidecar/internal/vectorlab/manifest.go:108.3,108.35 1 1
github.com/pg-sage/sidecar/internal/vectorlab/manifest.go:108.35,109.59 1 1
github.com/pg-sage/sidecar/internal/vectorlab/manifest.go:109.59,111.5 1 0
github.com/pg-sage/sidecar/internal/vectorlab/manifest.go:114.2,114.12 1 1
github.com/pg-sage/sidecar/internal/vectorlab/manifest.go:117.42,119.2 1 1
github.com/pg-sage/sidecar/internal/vectorlab/manifest.go:121.29,121.75 1 1
github.com/pg-sage/sidecar/internal/vectorlab/plan.go:18.84,26.16 2 1
github.com/pg-sage/sidecar/internal/vectorlab/plan.go:26.16,28.3 1 0
github.com/pg-sage/sidecar/internal/vectorlab/plan.go:29.2,31.18 3 1
github.com/pg-sage/sidecar/internal/vectorlab/plan.go:31.18,33.42 2 1
github.com/pg-sage/sidecar/internal/vectorlab/plan.go:33.42,35.4 1 0
github.com/pg-sage/sidecar/internal/vectorlab/plan.go:36.3,36.23 1 1
github.com/pg-sage/sidecar/internal/vectorlab/plan.go:38.2,38.35 1 1
github.com/pg-sage/sidecar/internal/vectorlab/plan.go:38.35,40.3 1 0
github.com/pg-sage/sidecar/internal/vectorlab/plan.go:41.2,41.21 1 1
github.com/pg-sage/sidecar/internal/vectorlab/plan.go:46.21,49.16 3 1
github.com/pg-sage/sidecar/internal/vectorlab/plan.go:49.16,51.3 1 0
github.com/pg-sage/sidecar/internal/vectorlab/plan.go:52.2,55.69 2 1
github.com/pg-sage/sidecar/internal/vectorlab/plan.go:55.69,57.3 1 0
github.com/pg-sage/sidecar/internal/vectorlab/plan.go:58.2,61.29 4 1
github.com/pg-sage/sidecar/internal/vectorlab/plan.go:61.29,63.3 1 1
github.com/pg-sage/sidecar/internal/vectorlab/plan.go:64.2,65.20 2 1
github.com/pg-sage/sidecar/internal/vectorlab/plan.go:68.81,70.74 1 1
github.com/pg-sage/sidecar/internal/vectorlab/plan.go:70.74,72.3 1 1
github.com/pg-sage/sidecar/internal/vectorlab/plan.go:73.2,73.35 1 1
github.com/pg-sage/sidecar/internal/vectorlab/plan.go:73.35,75.3 1 1
github.com/pg-sage/sidecar/internal/vectorlab/postgres.go:23.79,24.37 1 1
github.com/pg-sage/sidecar/internal/vectorlab/postgres.go:24.37,26.3 1 0
github.com/pg-sage/sidecar/internal/vectorlab/postgres.go:27.2,27.17 1 1
github.com/pg-sage/sidecar/internal/vectorlab/postgres.go:27.17,29.3 1 1
github.com/pg-sage/sidecar/internal/vectorlab/postgres.go:30.2,34.16 5 1
github.com/pg-sage/sidecar/internal/vectorlab/postgres.go:34.16,36.3 1 1
github.com/pg-sage/sidecar/internal/vectorlab/postgres.go:37.2,40.16 4 1
github.com/pg-sage/sidecar/internal/vectorlab/postgres.go:40.16,42.3 1 1
github.com/pg-sage/sidecar/internal/vectorlab/postgres.go:43.2,44.16 2 1
github.com/pg-sage/sidecar/internal/vectorlab/postgres.go:44.16,46.3 1 1
github.com/pg-sage/sidecar/internal/vectorlab/postgres.go:47.2,49.20 3 1
github.com/pg-sage/sidecar/internal/vectorlab/postgres.go:52.26,57.2 3 1
github.com/pg-sage/sidecar/internal/vectorlab/postgres.go:59.71,67.35 3 1
github.com/pg-sage/sidecar/internal/vectorlab/postgres.go:67.35,68.65 1 1
github.com/pg-sage/sidecar/internal/vectorlab/postgres.go:68.65,70.4 1 0
github.com/pg-sage/sidecar/internal/vectorlab/postgres.go:72.2,78.35 3 1
github.com/pg-sage/sidecar/internal/vectorlab/postgres.go:78.35,80.3 1 1
github.com/pg-sage/sidecar/internal/vectorlab/postgres.go:81.2,81.16 1 1
github.com/pg-sage/sidecar/internal/vectorlab/postgres.go:81.16,83.3 1 0
github.com/pg-sage/sidecar/internal/vectorlab/postgres.go:84.2,84.48 1 1
github.com/pg-sage/sidecar/internal/vectorlab/postgres.go:84.48,86.3 1 0
github.com/pg-sage/sidecar/internal/vectorlab/postgres.go:87.2,87.46 1 1
github.com/pg-sage/sidecar/internal/vectorlab/postgres.go:87.46,89.3 1 1
github.com/pg-sage/sidecar/internal/vectorlab/postgres.go:90.2,91.22 2 1
github.com/pg-sage/sidecar/internal/vectorlab/postgres.go:94.82,96.16 2 1
github.com/pg-sage/sidecar/internal/vectorlab/postgres.go:96.16,98.3 1 0
github.com/pg-sage/sidecar/internal/vectorlab/postgres.go:99.2,99.12 1 1
github.com/pg-sage/sidecar/internal/vectorlab/postgres.go:104.24,105.54 1 1
github.com/pg-sage/sidecar/internal/vectorlab/postgres.go:105.54,107.3 1 0
github.com/pg-sage/sidecar/internal/vectorlab/postgres.go:108.2,110.20 3 1
github.com/pg-sage/sidecar/internal/vectorlab/postgres.go:110.20,113.17 3 1
github.com/pg-sage/sidecar/internal/vectorlab/postgres.go:113.17,115.4 1 0
github.com/pg-sage/sidecar/internal/vectorlab/postgres.go:117.2,119.16 3 1
github.com/pg-sage/sidecar/internal/vectorlab/postgres.go:119.16,121.3 1 1
github.com/pg-sage/sidecar/internal/vectorlab/postgres.go:122.2,124.18 3 1
github.com/pg-sage/sidecar/internal/vectorlab/postgres.go:124.18,126.55 2 1
github.com/pg-sage/sidecar/internal/vectorlab/postgres.go:126.55,128.4 1 0
github.com/pg-sage/sidecar/internal/vectorlab/postgres.go:129.3,129.39 1 1
github.com/pg-sage/sidecar/internal/vectorlab/postgres.go:131.2,131.35 1 1
github.com/pg-sage/sidecar/internal/vectorlab/postgres.go:131.35,133.3 1 1
github.com/pg-sage/sidecar/internal/vectorlab/postgres.go:134.2,135.20 2 1
github.com/pg-sage/sidecar/internal/vectorlab/postgres.go:138.79,140.14 2 1
github.com/pg-sage/sidecar/internal/vectorlab/postgres.go:140.14,142.3 1 1
github.com/pg-sage/sidecar/internal/vectorlab/postgres.go:143.2,144.14 2 1
github.com/pg-sage/sidecar/internal/vectorlab/postgres.go:144.14,148.3 1 1
github.com/pg-sage/sidecar/internal/vectorlab/postgres.go:149.2,149.35 1 1
github.com/pg-sage/sidecar/internal/vectorlab/postgres.go:149.35,150.65 1 1
github.com/pg-sage/sidecar/internal/vectorlab/postgres.go:150.65,152.4 1 0
github.com/pg-sage/sidecar/internal/vectorlab/postgres.go:154.2,154.12 1 1
github.com/pg-sage/sidecar/internal/vectorlab/postgres.go:157.51,158.38 1 1
github.com/pg-sage/sidecar/internal/vectorlab/postgres.go:158.38,160.3 1 1
github.com/pg-sage/sidecar/internal/vectorlab/postgres.go:161.2,161.46 1 1
github.com/pg-sage/sidecar/internal/vectorlab/postgres.go:161.46,163.3 1 1
github.com/pg-sage/sidecar/internal/vectorlab/postgres.go:164.2,165.28 2 1
github.com/pg-sage/sidecar/internal/vectorlab/postgres.go:165.28,167.3 1 1
github.com/pg-sage/sidecar/internal/vectorlab/postgres.go:168.2,169.13 1 0
github.com/pg-sage/sidecar/internal/vectorlab/postgres.go:172.45,174.83 2 1
github.com/pg-sage/sidecar/internal/vectorlab/postgres.go:174.83,176.3 1 1
github.com/pg-sage/sidecar/internal/vectorlab/postgres.go:177.2,177.48 1 1
github.com/pg-sage/sidecar/internal/vectorlab/sql.go:11.88,19.11 7 1
github.com/pg-sage/sidecar/internal/vectorlab/sql.go:19.11,22.3 2 1
github.com/pg-sage/sidecar/internal/vectorlab/sql.go:23.2,25.41 3 1
github.com/pg-sage/sidecar/internal/vectorlab/sql.go:25.41,29.3 2 1
github.com/pg-sage/sidecar/internal/vectorlab/sql.go:30.2,33.20 2 1
github.com/pg-sage/sidecar/internal/vectorlab/sql.go:36.42,38.27 2 1
github.com/pg-sage/sidecar/internal/vectorlab/sql.go:38.27,40.3 1 1
github.com/pg-sage/sidecar/internal/vectorlab/sql.go:41.2,41.45 1 1
github.com/pg-sage/sidecar/internal/vectorlab/target.go:10.68,13.88 3 1
github.com/pg-sage/sidecar/internal/vectorlab/target.go:13.88,15.3 1 1
github.com/pg-sage/sidecar/internal/vectorlab/target.go:16.2,30.16 3 1
github.com/pg-sage/sidecar/internal/vectorlab/target.go:30.16,32.3 1 0
github.com/pg-sage/sidecar/internal/vectorlab/target.go:33.2,33.15 1 1
github.com/pg-sage/sidecar/internal/vectorlab/target.go:33.15,35.3 1 1
github.com/pg-sage/sidecar/internal/vectorlab/target.go:36.2,36.15 1 1
github.com/pg-sage/sidecar/internal/vectorlab/target.go:36.15,38.3 1 1
github.com/pg-sage/sidecar/internal/vectorlab/target.go:39.2,39.13 1 1
github.com/pg-sage/sidecar/internal/vectorlab/target.go:39.13,41.3 1 0
github.com/pg-sage/sidecar/internal/vectorlab/target.go:42.2,42.12 1 1
