bare DELETE /api/v1/chatops/identities/7 => open:404
bare DELETE /api/v1/config/databases/7/7 => open:404
bare DELETE /api/v1/config/global/7 => open:404
bare DELETE /api/v1/databases/managed/7 => open:405
bare DELETE /api/v1/notifications/channels/7 => open:404
bare DELETE /api/v1/notifications/rules/7 => open:404
bare DELETE /api/v1/users/7 => open:404
bare DELETE /api/v1/users/7/oidc => open:404
bare GET /api/v1/actions => open:200
bare GET /api/v1/actions/pending => open:400
bare GET /api/v1/actions/pending/count => open:404
bare GET /api/v1/actions/7 => open:400
bare GET /api/v1/admission => open:200
bare GET /api/v1/admission/7 => open:404
bare GET /api/v1/agent-dbs => open:404
bare GET /api/v1/alert-log => open:200
bare GET /api/v1/auth/me => open:404
bare GET /api/v1/auth/oauth/authorize => open:404
bare GET /api/v1/auth/oauth/callback => open:404
bare GET /api/v1/auth/oauth/config => open:404
bare GET /api/v1/auth/sso => open:404
bare GET /api/v1/cases => open:200
bare GET /api/v1/chatops/identities => open:404
bare GET /api/v1/config => open:200
bare GET /api/v1/config/audit => open:404
bare GET /api/v1/config/databases/7 => open:404
bare GET /api/v1/config/global => open:404
bare GET /api/v1/databases => open:200
bare GET /api/v1/databases/managed => open:404
bare GET /api/v1/databases/managed/7 => open:404
bare GET /api/v1/events => open:200
bare GET /api/v1/findings => open:200
bare GET /api/v1/findings/stats => open:200
bare GET /api/v1/findings/7 => open:400
bare GET /api/v1/findings/7/pending-actions => open:404
bare GET /api/v1/fleet/health => open:200
bare GET /api/v1/fleet/readiness => open:200
bare GET /api/v1/forecasts => open:200
bare GET /api/v1/forecasts/growth => open:200
bare GET /api/v1/incidents => open:200
bare GET /api/v1/incidents/active => open:200
bare GET /api/v1/incidents/7 => open:400
bare GET /api/v1/investigations => gate:viewer
bare GET /api/v1/llm/models => open:503
bare GET /api/v1/llm/status => open:200
bare GET /api/v1/metrics => open:200
bare GET /api/v1/notifications/channels => open:404
bare GET /api/v1/notifications/log => open:404
bare GET /api/v1/notifications/rules => open:404
bare GET /api/v1/policy => open:404
bare GET /api/v1/policy/history => open:404
bare GET /api/v1/query-hints => open:200
bare GET /api/v1/recommendations => open:400
bare GET /api/v1/recommendations/7 => open:400
bare GET /api/v1/shadow-report => gate:operator
bare GET /api/v1/snapshots/history => open:400
bare GET /api/v1/snapshots/latest => open:200
bare GET /api/v1/sre/changes => gate:viewer
bare GET /api/v1/sre/slos => gate:viewer
bare GET /api/v1/sre/slos/7 => gate:viewer
bare GET /api/v1/users => open:404
bare GET /api/v1/value => open:200
bare POST /api/v1/actions/execute => open:405
bare POST /api/v1/actions/7/approve => open:404
bare POST /api/v1/actions/7/reject => open:404
bare POST /api/v1/actions/7/rollback => open:404
bare POST /api/v1/agent-dbs => open:404
bare POST /api/v1/agent-dbs/cleanup => open:404
bare POST /api/v1/agent-dbs/7/agent-ping => open:404
bare POST /api/v1/auth/login => open:404
bare POST /api/v1/auth/logout => open:404
bare POST /api/v1/chatops/identities => open:404
bare POST /api/v1/chatops/slack/7 => open:404
bare POST /api/v1/chatops/telegram/7 => open:404
bare POST /api/v1/databases/managed => open:404
bare POST /api/v1/databases/managed/import => open:404
bare POST /api/v1/databases/managed/test-connection => open:404
bare POST /api/v1/databases/managed/7/test => open:404
bare POST /api/v1/emergency-stop => gate:operator
bare POST /api/v1/explain => gate:operator
bare POST /api/v1/findings/7/suppress => gate:operator
bare POST /api/v1/findings/7/unsuppress => gate:operator
bare POST /api/v1/incidents/7/resolve => gate:operator
bare POST /api/v1/llm/budget/reset => gate:admin
bare POST /api/v1/llm/models => gate:admin
bare POST /api/v1/mcp => open:404
bare POST /api/v1/notifications/channels => open:404
bare POST /api/v1/notifications/channels/7/test => open:404
bare POST /api/v1/notifications/rules => open:404
bare POST /api/v1/policy/proposals => open:404
bare POST /api/v1/policy/proposals/7/ratify => open:404
bare POST /api/v1/restart => gate:admin
bare POST /api/v1/resume => gate:operator
bare POST /api/v1/users => open:404
bare POST /api/v1/users/7/oidc-link-grant => open:404
bare PUT /api/v1/config => gate:admin
bare PUT /api/v1/config/databases/7 => open:404
bare PUT /api/v1/config/global => open:404
bare PUT /api/v1/databases/managed/7 => open:405
bare PUT /api/v1/notifications/channels/7 => open:404
bare PUT /api/v1/notifications/rules/7 => open:404
bare PUT /api/v1/users/7/role => open:404
bare GET /api/v1/sre/autonomy => open:404
bare POST /api/v1/sre/autonomy/bench-results => open:404
bare GET /api/v1/databases/orders/investigations => gate:viewer
bare GET /health => open:200
bare GET / => open:200
bare GET /findings => open:200
bare GET /assets/missing.js => open:404
bare GET /api/v1/no-such-route => open:404
bare DELETE /api/v1/findings => open:405
bare PATCH /api/v1/config => open:405
standalone DELETE /api/v1/chatops/identities/7 => gate:admin
standalone DELETE /api/v1/config/databases/7/7 => gate:admin
standalone DELETE /api/v1/config/global/7 => gate:admin
standalone DELETE /api/v1/databases/managed/7 => open:405
standalone DELETE /api/v1/notifications/channels/7 => gate:admin
standalone DELETE /api/v1/notifications/rules/7 => gate:admin
standalone DELETE /api/v1/users/7 => gate:admin
standalone DELETE /api/v1/users/7/oidc => gate:admin
standalone GET /api/v1/actions => open:200
standalone GET /api/v1/actions/pending => gate:operator
standalone GET /api/v1/actions/pending/count => gate:operator
standalone GET /api/v1/actions/7 => open:400
standalone GET /api/v1/admission => open:200
standalone GET /api/v1/admission/7 => open:404
standalone GET /api/v1/agent-dbs => gate:operator
standalone GET /api/v1/alert-log => open:200
standalone GET /api/v1/auth/me => open:401
standalone GET /api/v1/auth/oauth/authorize => open:404
standalone GET /api/v1/auth/oauth/callback => open:404
standalone GET /api/v1/auth/oauth/config => open:200
standalone GET /api/v1/auth/sso => gate:viewer
standalone GET /api/v1/cases => open:200
standalone GET /api/v1/chatops/identities => gate:admin
standalone GET /api/v1/config => open:200
standalone GET /api/v1/config/audit => gate:admin
standalone GET /api/v1/config/databases/7 => gate:admin
standalone GET /api/v1/config/global => gate:admin
standalone GET /api/v1/databases => open:200
standalone GET /api/v1/databases/managed => open:404
standalone GET /api/v1/databases/managed/7 => open:404
standalone GET /api/v1/events => open:200
standalone GET /api/v1/findings => open:200
standalone GET /api/v1/findings/stats => open:200
standalone GET /api/v1/findings/7 => open:400
standalone GET /api/v1/findings/7/pending-actions => gate:operator
standalone GET /api/v1/fleet/health => open:200
standalone GET /api/v1/fleet/readiness => open:200
standalone GET /api/v1/forecasts => open:200
standalone GET /api/v1/forecasts/growth => open:200
standalone GET /api/v1/incidents => open:200
standalone GET /api/v1/incidents/active => open:200
standalone GET /api/v1/incidents/7 => open:400
standalone GET /api/v1/investigations => gate:viewer
standalone GET /api/v1/llm/models => open:503
standalone GET /api/v1/llm/status => open:200
standalone GET /api/v1/metrics => open:200
standalone GET /api/v1/notifications/channels => gate:admin
standalone GET /api/v1/notifications/log => gate:admin
standalone GET /api/v1/notifications/rules => gate:admin
standalone GET /api/v1/policy => gate:viewer
standalone GET /api/v1/policy/history => gate:viewer
standalone GET /api/v1/query-hints => open:200
standalone GET /api/v1/recommendations => open:400
standalone GET /api/v1/recommendations/7 => open:400
standalone GET /api/v1/shadow-report => gate:operator
standalone GET /api/v1/snapshots/history => open:400
standalone GET /api/v1/snapshots/latest => open:200
standalone GET /api/v1/sre/changes => gate:viewer
standalone GET /api/v1/sre/slos => gate:viewer
standalone GET /api/v1/sre/slos/7 => gate:viewer
standalone GET /api/v1/users => gate:admin
standalone GET /api/v1/value => open:200
standalone POST /api/v1/actions/execute => gate:operator
standalone POST /api/v1/actions/7/approve => gate:operator
standalone POST /api/v1/actions/7/reject => gate:operator
standalone POST /api/v1/actions/7/rollback => gate:operator
standalone POST /api/v1/agent-dbs => gate:operator
standalone POST /api/v1/agent-dbs/cleanup => gate:operator
standalone POST /api/v1/agent-dbs/7/agent-ping => open:400
standalone POST /api/v1/auth/login => open:400
standalone POST /api/v1/auth/logout => open:200
standalone POST /api/v1/chatops/identities => gate:admin
standalone POST /api/v1/chatops/slack/7 => open:500
standalone POST /api/v1/chatops/telegram/7 => open:500
standalone POST /api/v1/databases/managed => open:404
standalone POST /api/v1/databases/managed/import => open:404
standalone POST /api/v1/databases/managed/test-connection => open:404
standalone POST /api/v1/databases/managed/7/test => open:404
standalone POST /api/v1/emergency-stop => gate:operator
standalone POST /api/v1/explain => gate:operator
standalone POST /api/v1/findings/7/suppress => gate:operator
standalone POST /api/v1/findings/7/unsuppress => gate:operator
standalone POST /api/v1/incidents/7/resolve => gate:operator
standalone POST /api/v1/llm/budget/reset => gate:admin
standalone POST /api/v1/llm/models => gate:admin
standalone POST /api/v1/mcp => open:401
standalone POST /api/v1/notifications/channels => gate:admin
standalone POST /api/v1/notifications/channels/7/test => gate:admin
standalone POST /api/v1/notifications/rules => gate:admin
standalone POST /api/v1/policy/proposals => gate:operator
standalone POST /api/v1/policy/proposals/7/ratify => gate:admin
standalone POST /api/v1/restart => gate:admin
standalone POST /api/v1/resume => gate:operator
standalone POST /api/v1/users => gate:admin
standalone POST /api/v1/users/7/oidc-link-grant => gate:admin
standalone PUT /api/v1/config => gate:admin
standalone PUT /api/v1/config/databases/7 => gate:admin
standalone PUT /api/v1/config/global => gate:admin
standalone PUT /api/v1/databases/managed/7 => open:405
standalone PUT /api/v1/notifications/channels/7 => gate:admin
standalone PUT /api/v1/notifications/rules/7 => gate:admin
standalone PUT /api/v1/users/7/role => gate:admin
standalone GET /api/v1/sre/autonomy => gate:viewer
standalone POST /api/v1/sre/autonomy/bench-results => gate:admin
standalone GET /api/v1/databases/orders/investigations => gate:viewer
standalone GET /health => open:200
standalone GET / => open:200
standalone GET /findings => open:200
standalone GET /assets/missing.js => open:404
standalone GET /api/v1/no-such-route => open:404
standalone DELETE /api/v1/findings => open:405
standalone PATCH /api/v1/config => open:405
fleet-readonly DELETE /api/v1/chatops/identities/7 => gate:admin
fleet-readonly DELETE /api/v1/config/databases/7/7 => gate:admin
fleet-readonly DELETE /api/v1/config/global/7 => gate:admin
fleet-readonly DELETE /api/v1/databases/managed/7 => gate:admin
fleet-readonly DELETE /api/v1/notifications/channels/7 => gate:admin
fleet-readonly DELETE /api/v1/notifications/rules/7 => gate:admin
fleet-readonly DELETE /api/v1/users/7 => gate:admin
fleet-readonly DELETE /api/v1/users/7/oidc => gate:admin
fleet-readonly GET /api/v1/actions => open:200
fleet-readonly GET /api/v1/actions/pending => gate:operator
fleet-readonly GET /api/v1/actions/pending/count => gate:operator
fleet-readonly GET /api/v1/actions/7 => open:400
fleet-readonly GET /api/v1/admission => open:200
fleet-readonly GET /api/v1/admission/7 => open:404
fleet-readonly GET /api/v1/agent-dbs => gate:operator
fleet-readonly GET /api/v1/alert-log => open:200
fleet-readonly GET /api/v1/auth/me => open:401
fleet-readonly GET /api/v1/auth/oauth/authorize => open:404
fleet-readonly GET /api/v1/auth/oauth/callback => open:404
fleet-readonly GET /api/v1/auth/oauth/config => open:200
fleet-readonly GET /api/v1/auth/sso => gate:viewer
fleet-readonly GET /api/v1/cases => open:200
fleet-readonly GET /api/v1/chatops/identities => gate:admin
fleet-readonly GET /api/v1/config => open:200
fleet-readonly GET /api/v1/config/audit => gate:admin
fleet-readonly GET /api/v1/config/databases/7 => gate:admin
fleet-readonly GET /api/v1/config/global => gate:admin
fleet-readonly GET /api/v1/databases => open:200
fleet-readonly GET /api/v1/databases/managed => gate:admin
fleet-readonly GET /api/v1/databases/managed/7 => gate:admin
fleet-readonly GET /api/v1/events => open:200
fleet-readonly GET /api/v1/findings => open:200
fleet-readonly GET /api/v1/findings/stats => open:200
fleet-readonly GET /api/v1/findings/7 => open:400
fleet-readonly GET /api/v1/findings/7/pending-actions => gate:operator
fleet-readonly GET /api/v1/fleet/health => open:200
fleet-readonly GET /api/v1/fleet/readiness => open:200
fleet-readonly GET /api/v1/forecasts => open:200
fleet-readonly GET /api/v1/forecasts/growth => open:200
fleet-readonly GET /api/v1/incidents => open:200
fleet-readonly GET /api/v1/incidents/active => open:200
fleet-readonly GET /api/v1/incidents/7 => open:400
fleet-readonly GET /api/v1/investigations => gate:viewer
fleet-readonly GET /api/v1/llm/models => open:503
fleet-readonly GET /api/v1/llm/status => open:200
fleet-readonly GET /api/v1/metrics => open:200
fleet-readonly GET /api/v1/notifications/channels => gate:admin
fleet-readonly GET /api/v1/notifications/log => gate:admin
fleet-readonly GET /api/v1/notifications/rules => gate:admin
fleet-readonly GET /api/v1/policy => gate:viewer
fleet-readonly GET /api/v1/policy/history => gate:viewer
fleet-readonly GET /api/v1/query-hints => open:200
fleet-readonly GET /api/v1/recommendations => open:400
fleet-readonly GET /api/v1/recommendations/7 => open:400
fleet-readonly GET /api/v1/shadow-report => gate:operator
fleet-readonly GET /api/v1/snapshots/history => open:400
fleet-readonly GET /api/v1/snapshots/latest => open:200
fleet-readonly GET /api/v1/sre/changes => gate:viewer
fleet-readonly GET /api/v1/sre/slos => gate:viewer
fleet-readonly GET /api/v1/sre/slos/7 => gate:viewer
fleet-readonly GET /api/v1/users => gate:admin
fleet-readonly GET /api/v1/value => open:200
fleet-readonly POST /api/v1/actions/execute => gate:operator
fleet-readonly POST /api/v1/actions/7/approve => gate:operator
fleet-readonly POST /api/v1/actions/7/reject => gate:operator
fleet-readonly POST /api/v1/actions/7/rollback => gate:operator
fleet-readonly POST /api/v1/agent-dbs => gate:operator
fleet-readonly POST /api/v1/agent-dbs/cleanup => gate:operator
fleet-readonly POST /api/v1/agent-dbs/7/agent-ping => open:400
fleet-readonly POST /api/v1/auth/login => open:400
fleet-readonly POST /api/v1/auth/logout => open:200
fleet-readonly POST /api/v1/chatops/identities => gate:admin
fleet-readonly POST /api/v1/chatops/slack/7 => open:500
fleet-readonly POST /api/v1/chatops/telegram/7 => open:500
fleet-readonly POST /api/v1/databases/managed => gate:admin
fleet-readonly POST /api/v1/databases/managed/import => gate:admin
fleet-readonly POST /api/v1/databases/managed/test-connection => gate:admin
fleet-readonly POST /api/v1/databases/managed/7/test => gate:admin
fleet-readonly POST /api/v1/emergency-stop => gate:operator
fleet-readonly POST /api/v1/explain => gate:operator
fleet-readonly POST /api/v1/findings/7/suppress => gate:operator
fleet-readonly POST /api/v1/findings/7/unsuppress => gate:operator
fleet-readonly POST /api/v1/incidents/7/resolve => gate:operator
fleet-readonly POST /api/v1/llm/budget/reset => gate:admin
fleet-readonly POST /api/v1/llm/models => gate:admin
fleet-readonly POST /api/v1/mcp => open:404
fleet-readonly POST /api/v1/notifications/channels => gate:admin
fleet-readonly POST /api/v1/notifications/channels/7/test => gate:admin
fleet-readonly POST /api/v1/notifications/rules => gate:admin
fleet-readonly POST /api/v1/policy/proposals => gate:operator
fleet-readonly POST /api/v1/policy/proposals/7/ratify => gate:admin
fleet-readonly POST /api/v1/restart => gate:admin
fleet-readonly POST /api/v1/resume => gate:operator
fleet-readonly POST /api/v1/users => gate:admin
fleet-readonly POST /api/v1/users/7/oidc-link-grant => gate:admin
fleet-readonly PUT /api/v1/config => gate:admin
fleet-readonly PUT /api/v1/config/databases/7 => gate:admin
fleet-readonly PUT /api/v1/config/global => gate:admin
fleet-readonly PUT /api/v1/databases/managed/7 => gate:admin
fleet-readonly PUT /api/v1/notifications/channels/7 => gate:admin
fleet-readonly PUT /api/v1/notifications/rules/7 => gate:admin
fleet-readonly PUT /api/v1/users/7/role => gate:admin
fleet-readonly GET /api/v1/sre/autonomy => open:404
fleet-readonly POST /api/v1/sre/autonomy/bench-results => open:404
fleet-readonly GET /api/v1/databases/orders/investigations => gate:viewer
fleet-readonly GET /health => open:200
fleet-readonly GET / => open:200
fleet-readonly GET /findings => open:200
fleet-readonly GET /assets/missing.js => open:404
fleet-readonly GET /api/v1/no-such-route => open:404
fleet-readonly DELETE /api/v1/findings => open:405
fleet-readonly PATCH /api/v1/config => open:405
store-only-actions DELETE /api/v1/chatops/identities/7 => open:404
store-only-actions DELETE /api/v1/config/databases/7/7 => open:404
store-only-actions DELETE /api/v1/config/global/7 => open:404
store-only-actions DELETE /api/v1/databases/managed/7 => open:405
store-only-actions DELETE /api/v1/notifications/channels/7 => open:404
store-only-actions DELETE /api/v1/notifications/rules/7 => open:404
store-only-actions DELETE /api/v1/users/7 => open:404
store-only-actions DELETE /api/v1/users/7/oidc => open:404
store-only-actions GET /api/v1/actions => open:200
store-only-actions GET /api/v1/actions/pending => gate:operator
store-only-actions GET /api/v1/actions/pending/count => gate:operator
store-only-actions GET /api/v1/actions/7 => open:400
store-only-actions GET /api/v1/admission => open:200
store-only-actions GET /api/v1/admission/7 => open:404
store-only-actions GET /api/v1/agent-dbs => open:404
store-only-actions GET /api/v1/alert-log => open:200
store-only-actions GET /api/v1/auth/me => open:404
store-only-actions GET /api/v1/auth/oauth/authorize => open:404
store-only-actions GET /api/v1/auth/oauth/callback => open:404
store-only-actions GET /api/v1/auth/oauth/config => open:404
store-only-actions GET /api/v1/auth/sso => open:404
store-only-actions GET /api/v1/cases => open:200
store-only-actions GET /api/v1/chatops/identities => open:404
store-only-actions GET /api/v1/config => open:200
store-only-actions GET /api/v1/config/audit => open:404
store-only-actions GET /api/v1/config/databases/7 => open:404
store-only-actions GET /api/v1/config/global => open:404
store-only-actions GET /api/v1/databases => open:200
store-only-actions GET /api/v1/databases/managed => open:404
store-only-actions GET /api/v1/databases/managed/7 => open:404
store-only-actions GET /api/v1/events => open:200
store-only-actions GET /api/v1/findings => open:200
store-only-actions GET /api/v1/findings/stats => open:200
store-only-actions GET /api/v1/findings/7 => open:400
store-only-actions GET /api/v1/findings/7/pending-actions => gate:operator
store-only-actions GET /api/v1/fleet/health => open:200
store-only-actions GET /api/v1/fleet/readiness => open:200
store-only-actions GET /api/v1/forecasts => open:200
store-only-actions GET /api/v1/forecasts/growth => open:200
store-only-actions GET /api/v1/incidents => open:200
store-only-actions GET /api/v1/incidents/active => open:200
store-only-actions GET /api/v1/incidents/7 => open:400
store-only-actions GET /api/v1/investigations => gate:viewer
store-only-actions GET /api/v1/llm/models => open:503
store-only-actions GET /api/v1/llm/status => open:200
store-only-actions GET /api/v1/metrics => open:200
store-only-actions GET /api/v1/notifications/channels => open:404
store-only-actions GET /api/v1/notifications/log => open:404
store-only-actions GET /api/v1/notifications/rules => open:404
store-only-actions GET /api/v1/policy => open:404
store-only-actions GET /api/v1/policy/history => open:404
store-only-actions GET /api/v1/query-hints => open:200
store-only-actions GET /api/v1/recommendations => open:400
store-only-actions GET /api/v1/recommendations/7 => open:400
store-only-actions GET /api/v1/shadow-report => gate:operator
store-only-actions GET /api/v1/snapshots/history => open:400
store-only-actions GET /api/v1/snapshots/latest => open:200
store-only-actions GET /api/v1/sre/changes => gate:viewer
store-only-actions GET /api/v1/sre/slos => gate:viewer
store-only-actions GET /api/v1/sre/slos/7 => gate:viewer
store-only-actions GET /api/v1/users => open:404
store-only-actions GET /api/v1/value => open:200
store-only-actions POST /api/v1/actions/execute => gate:operator
store-only-actions POST /api/v1/actions/7/approve => gate:operator
store-only-actions POST /api/v1/actions/7/reject => gate:operator
store-only-actions POST /api/v1/actions/7/rollback => gate:operator
store-only-actions POST /api/v1/agent-dbs => open:404
store-only-actions POST /api/v1/agent-dbs/cleanup => open:404
store-only-actions POST /api/v1/agent-dbs/7/agent-ping => open:404
store-only-actions POST /api/v1/auth/login => open:404
store-only-actions POST /api/v1/auth/logout => open:404
store-only-actions POST /api/v1/chatops/identities => open:404
store-only-actions POST /api/v1/chatops/slack/7 => open:404
store-only-actions POST /api/v1/chatops/telegram/7 => open:404
store-only-actions POST /api/v1/databases/managed => open:404
store-only-actions POST /api/v1/databases/managed/import => open:404
store-only-actions POST /api/v1/databases/managed/test-connection => open:404
store-only-actions POST /api/v1/databases/managed/7/test => open:404
store-only-actions POST /api/v1/emergency-stop => gate:operator
store-only-actions POST /api/v1/explain => gate:operator
store-only-actions POST /api/v1/findings/7/suppress => gate:operator
store-only-actions POST /api/v1/findings/7/unsuppress => gate:operator
store-only-actions POST /api/v1/incidents/7/resolve => gate:operator
store-only-actions POST /api/v1/llm/budget/reset => gate:admin
store-only-actions POST /api/v1/llm/models => gate:admin
store-only-actions POST /api/v1/mcp => open:404
store-only-actions POST /api/v1/notifications/channels => open:404
store-only-actions POST /api/v1/notifications/channels/7/test => open:404
store-only-actions POST /api/v1/notifications/rules => open:404
store-only-actions POST /api/v1/policy/proposals => open:404
store-only-actions POST /api/v1/policy/proposals/7/ratify => open:404
store-only-actions POST /api/v1/restart => gate:admin
store-only-actions POST /api/v1/resume => gate:operator
store-only-actions POST /api/v1/users => open:404
store-only-actions POST /api/v1/users/7/oidc-link-grant => open:404
store-only-actions PUT /api/v1/config => gate:admin
store-only-actions PUT /api/v1/config/databases/7 => open:404
store-only-actions PUT /api/v1/config/global => open:404
store-only-actions PUT /api/v1/databases/managed/7 => open:405
store-only-actions PUT /api/v1/notifications/channels/7 => open:404
store-only-actions PUT /api/v1/notifications/rules/7 => open:404
store-only-actions PUT /api/v1/users/7/role => open:404
store-only-actions GET /api/v1/sre/autonomy => open:404
store-only-actions POST /api/v1/sre/autonomy/bench-results => open:404
store-only-actions GET /api/v1/databases/orders/investigations => gate:viewer
store-only-actions GET /health => open:200
store-only-actions GET / => open:200
store-only-actions GET /findings => open:200
store-only-actions GET /assets/missing.js => open:404
store-only-actions GET /api/v1/no-such-route => open:404
store-only-actions DELETE /api/v1/findings => open:405
store-only-actions PATCH /api/v1/config => open:405
